Archive member included to satisfy reference by file (symbol)

C:/ST/STM32CubeIDE_1.19.0/STM32CubeIDE/plugins/com.st.stm32cube.ide.mcu.externaltools.gnu-tools-for-stm32.13.3.rel1.win32_1.0.0.202411081344/tools/bin/../lib/gcc/arm-none-eabi/13.3.1/../../../../arm-none-eabi/lib/thumb/v7e-m+fp/hard\libc_nano.a(libc_a-exit.o)
                              C:/ST/STM32CubeIDE_1.19.0/STM32CubeIDE/plugins/com.st.stm32cube.ide.mcu.externaltools.gnu-tools-for-stm32.13.3.rel1.win32_1.0.0.202411081344/tools/bin/../lib/gcc/arm-none-eabi/13.3.1/../../../../arm-none-eabi/lib/thumb/v7e-m+fp/hard/crt0.o (exit)
C:/ST/STM32CubeIDE_1.19.0/STM32CubeIDE/plugins/com.st.stm32cube.ide.mcu.externaltools.gnu-tools-for-stm32.13.3.rel1.win32_1.0.0.202411081344/tools/bin/../lib/gcc/arm-none-eabi/13.3.1/../../../../arm-none-eabi/lib/thumb/v7e-m+fp/hard\libc_nano.a(libc_a-findfp.o)
                              C:/ST/STM32CubeIDE_1.19.0/STM32CubeIDE/plugins/com.st.stm32cube.ide.mcu.externaltools.gnu-tools-for-stm32.13.3.rel1.win32_1.0.0.202411081344/tools/bin/../lib/gcc/arm-none-eabi/13.3.1/../../../../arm-none-eabi/lib/thumb/v7e-m+fp/hard\libc_nano.a(libc_a-exit.o) (__stdio_exit_handler)
C:/ST/STM32CubeIDE_1.19.0/STM32CubeIDE/plugins/com.st.stm32cube.ide.mcu.externaltools.gnu-tools-for-stm32.13.3.rel1.win32_1.0.0.202411081344/tools/bin/../lib/gcc/arm-none-eabi/13.3.1/../../../../arm-none-eabi/lib/thumb/v7e-m+fp/hard\libc_nano.a(libc_a-fwalk.o)
                              C:/ST/STM32CubeIDE_1.19.0/STM32CubeIDE/plugins/com.st.stm32cube.ide.mcu.externaltools.gnu-tools-for-stm32.13.3.rel1.win32_1.0.0.202411081344/tools/bin/../lib/gcc/arm-none-eabi/13.3.1/../../../../arm-none-eabi/lib/thumb/v7e-m+fp/hard\libc_nano.a(libc_a-findfp.o) (_fwalk_sglue)
C:/ST/STM32CubeIDE_1.19.0/STM32CubeIDE/plugins/com.st.stm32cube.ide.mcu.externaltools.gnu-tools-for-stm32.13.3.rel1.win32_1.0.0.202411081344/tools/bin/../lib/gcc/arm-none-eabi/13.3.1/../../../../arm-none-eabi/lib/thumb/v7e-m+fp/hard\libc_nano.a(libc_a-stdio.o)
                              C:/ST/STM32CubeIDE_1.19.0/STM32CubeIDE/plugins/com.st.stm32cube.ide.mcu.externaltools.gnu-tools-for-stm32.13.3.rel1.win32_1.0.0.202411081344/tools/bin/../lib/gcc/arm-none-eabi/13.3.1/../../../../arm-none-eabi/lib/thumb/v7e-m+fp/hard\libc_nano.a(libc_a-findfp.o) (__sread)
C:/ST/STM32CubeIDE_1.19.0/STM32CubeIDE/plugins/com.st.stm32cube.ide.mcu.externaltools.gnu-tools-for-stm32.13.3.rel1.win32_1.0.0.202411081344/tools/bin/../lib/gcc/arm-none-eabi/13.3.1/../../../../arm-none-eabi/lib/thumb/v7e-m+fp/hard\libc_nano.a(libc_a-memset.o)
                              C:/ST/STM32CubeIDE_1.19.0/STM32CubeIDE/plugins/com.st.stm32cube.ide.mcu.externaltools.gnu-tools-for-stm32.13.3.rel1.win32_1.0.0.202411081344/tools/bin/../lib/gcc/arm-none-eabi/13.3.1/../../../../arm-none-eabi/lib/thumb/v7e-m+fp/hard/crt0.o (memset)
C:/ST/STM32CubeIDE_1.19.0/STM32CubeIDE/plugins/com.st.stm32cube.ide.mcu.externaltools.gnu-tools-for-stm32.13.3.rel1.win32_1.0.0.202411081344/tools/bin/../lib/gcc/arm-none-eabi/13.3.1/../../../../arm-none-eabi/lib/thumb/v7e-m+fp/hard\libc_nano.a(libc_a-closer.o)
                              C:/ST/STM32CubeIDE_1.19.0/STM32CubeIDE/plugins/com.st.stm32cube.ide.mcu.externaltools.gnu-tools-for-stm32.13.3.rel1.win32_1.0.0.202411081344/tools/bin/../lib/gcc/arm-none-eabi/13.3.1/../../../../arm-none-eabi/lib/thumb/v7e-m+fp/hard\libc_nano.a(libc_a-stdio.o) (_close_r)
C:/ST/STM32CubeIDE_1.19.0/STM32CubeIDE/plugins/com.st.stm32cube.ide.mcu.externaltools.gnu-tools-for-stm32.13.3.rel1.win32_1.0.0.202411081344/tools/bin/../lib/gcc/arm-none-eabi/13.3.1/../../../../arm-none-eabi/lib/thumb/v7e-m+fp/hard\libc_nano.a(libc_a-reent.o)
                              C:/ST/STM32CubeIDE_1.19.0/STM32CubeIDE/plugins/com.st.stm32cube.ide.mcu.externaltools.gnu-tools-for-stm32.13.3.rel1.win32_1.0.0.202411081344/tools/bin/../lib/gcc/arm-none-eabi/13.3.1/../../../../arm-none-eabi/lib/thumb/v7e-m+fp/hard\libc_nano.a(libc_a-closer.o) (errno)
C:/ST/STM32CubeIDE_1.19.0/STM32CubeIDE/plugins/com.st.stm32cube.ide.mcu.externaltools.gnu-tools-for-stm32.13.3.rel1.win32_1.0.0.202411081344/tools/bin/../lib/gcc/arm-none-eabi/13.3.1/../../../../arm-none-eabi/lib/thumb/v7e-m+fp/hard\libc_nano.a(libc_a-impure.o)
                              C:/ST/STM32CubeIDE_1.19.0/STM32CubeIDE/plugins/com.st.stm32cube.ide.mcu.externaltools.gnu-tools-for-stm32.13.3.rel1.win32_1.0.0.202411081344/tools/bin/../lib/gcc/arm-none-eabi/13.3.1/../../../../arm-none-eabi/lib/thumb/v7e-m+fp/hard\libc_nano.a(libc_a-reent.o) (_impure_ptr)
C:/ST/STM32CubeIDE_1.19.0/STM32CubeIDE/plugins/com.st.stm32cube.ide.mcu.externaltools.gnu-tools-for-stm32.13.3.rel1.win32_1.0.0.202411081344/tools/bin/../lib/gcc/arm-none-eabi/13.3.1/../../../../arm-none-eabi/lib/thumb/v7e-m+fp/hard\libc_nano.a(libc_a-lseekr.o)
[...]
Memory Configuration

Name             Origin             Length             Attributes
CCMRAM           0x10000000         0x00010000         xrw
RAM              0x20000000         0x00020000         xrw
FLASH            0x08000000         0x00100000         xr
*default*        0x00000000         0xffffffff

Linker script and memory map

LOAD C:/ST/STM32CubeIDE_1.19.0/STM32CubeIDE/plugins/com.st.stm32cube.ide.mcu.externaltools.gnu-tools-for-stm32.13.3.rel1.win32_1.0.0.202411081344/tools/bin/../lib/gcc/arm-none-eabi/13.3.1/thumb/v7e-m+fp/hard/crti.o
LOAD C:/ST/STM32CubeIDE_1.19.0/STM32CubeIDE/plugins/com.st.stm32cube.ide.mcu.externaltools.gnu-tools-for-stm32.13.3.rel1.win32_1.0.0.202411081344/tools/bin/../lib/gcc/arm-none-eabi/13.3.1/thumb/v7e-m+fp/hard/crtbegin.o
LOAD C:/ST/STM32CubeIDE_1.19.0/STM32CubeIDE/plugins/com.st.stm32cube.ide.mcu.externaltools.gnu-tools-for-stm32.13.3.rel1.win32_1.0.0.202411081344/tools/bin/../lib/gcc/arm-none-eabi/13.3.1/../../../../arm-none-eabi/lib/thumb/v7e-m+fp/hard/crt0.o
LOAD ./Drivers/src/stm32f407xx_gpio._driver.o
LOAD ./Drivers/src/stm32f407xx_i2c_driver.o
LOAD ./Drivers/src/stm32f407xx_rcc_driver.o
LOAD ./Drivers/src/stm32f407xx_spi_driver.o
LOAD ./Drivers/src/stm32f407xx_usart_driver.o
LOAD ./Src/008_usart.o
LOAD ./Src/syscalls.o
LOAD ./Src/sysmem.o
LOAD ./Startup/startup_stm32f407vgtx.o
START GROUP
LOAD C:/ST/STM32CubeIDE_1.19.0/STM32CubeIDE/plugins/com.st.stm32cube.ide.mcu.externaltools.gnu-tools-for-stm32.13.3.rel1.win32_1.0.0.202411081344/tools/bin/../lib/gcc/arm-none-eabi/13.3.1/../../../../arm-none-eabi/lib/thumb/v7e-m+fp/hard\libc_nano.a
LOAD C:/ST/STM32CubeIDE_1.19.0/STM32CubeIDE/plugins/com.st.stm32cube.ide.mcu.externaltools.gnu-tools-for-stm32.13.3.rel1.win32_1.0.0.202411081344/tools/bin/../lib/gcc/arm-none-eabi/13.3.1/../../../../arm-none-eabi/lib/thumb/v7e-m+fp/hard\libm.a
END GROUP
START GROUP
LOAD C:/ST/STM32CubeIDE_1.19.0/STM32CubeIDE/plugins/com.st.stm32cube.ide.mcu.externaltools.gnu-tools-for-stm32.13.3.rel1.win32_1.0.0.202411081344/tools/bin/../lib/gcc/arm-none-eabi/13.3.1/thumb/v7e-m+fp/hard\libgcc.a
LOAD C:/ST/STM32CubeIDE_1.19.0/STM32CubeIDE/plugins/com.st.stm32cube.ide.mcu.externaltools.gnu-tools-for-stm32.13.3.rel1.win32_1.0.0.202411081344/tools/bin/../lib/gcc/arm-none-eabi/13.3.1/../../../../arm-none-eabi/lib/thumb/v7e-m+fp/hard\libc_nano.a
END GROUP
START GROUP
LOAD C:/ST/STM32CubeIDE_1.19.0/STM32CubeIDE/plugins/com.st.stm32cube.ide.mcu.externaltools.gnu-tools-for-stm32.13.3.rel1.win32_1.0.0.202411081344/tools/bin/../lib/gcc/arm-none-eabi/13.3.1/thumb/v7e-m+fp/hard\libgcc.a
LOAD C:/ST/STM32CubeIDE_1.19.0/STM32CubeIDE/plugins/com.st.stm32cube.ide.mcu.externaltools.gnu-tools-for-stm32.13.3.rel1.win32_1.0.0.202411081344/tools/bin/../lib/gcc/arm-none-eabi/13.3.1/../../../../arm-none-eabi/lib/thumb/v7e-m+fp/hard\libc_nano.a
LOAD C:/ST/STM32CubeIDE_1.19.0/STM32CubeIDE/plugins/com.st.stm32cube.ide.mcu.externaltools.gnu-tools-for-stm32.13.3.rel1.win32_1.0.0.202411081344/tools/bin/../lib/gcc/arm-none-eabi/13.3.1/../../../../arm-none-eabi/lib/thumb/v7e-m+fp/hard\libnosys.a
END GROUP
START GROUP
LOAD C:/ST/STM32CubeIDE_1.19.0/STM32CubeIDE/plugins/com.st.stm32cube.ide.mcu.externaltools.gnu-tools-for-stm32.13.3.rel1.win32_1.0.0.202411081344/tools/bin/../lib/gcc/arm-none-eabi/13.3.1/thumb/v7e-m+fp/hard\libgcc.a
LOAD C:/ST/STM32CubeIDE_1.19.0/STM32CubeIDE/plugins/com.st.stm32cube.ide.mcu.externaltools.gnu-tools-for-stm32.13.3.rel1.win32_1.0.0.202411081344/tools/bin/../lib/gcc/arm-none-eabi/13.3.1/../../../../arm-none-eabi/lib/thumb/v7e-m+fp/hard\libc_nano.a
LOAD C:/ST/STM32CubeIDE_1.19.0/STM32CubeIDE/plugins/com.st.stm32cube.ide.mcu.externaltools.gnu-tools-for-stm32.13.3.rel1.win32_1.0.0.202411081344/tools/bin/../lib/gcc/arm-none-eabi/13.3.1/../../../../arm-none-eabi/lib/thumb/v7e-m+fp/hard\libnosys.a
END GROUP
LOAD C:/ST/STM32CubeIDE_1.19.0/STM32CubeIDE/plugins/com.st.stm32cube.ide.mcu.externaltools.gnu-tools-for-stm32.13.3.rel1.win32_1.0.0.202411081344/tools/bin/../lib/gcc/arm-none-eabi/13.3.1/thumb/v7e-m+fp/hard/crtend.o
LOAD C:/ST/STM32CubeIDE_1.19.0/STM32CubeIDE/plugins/com.st.stm32cube.ide.mcu.externaltools.gnu-tools-for-stm32.13.3.rel1.win32_1.0.0.202411081344/tools/bin/../lib/gcc/arm-none-eabi/13.3.1/thumb/v7e-m+fp/hard/crtn.o
                0x20020000                        _estack = (ORIGIN (RAM) + LENGTH (RAM))
                0x00000200                        _Min_Heap_Size = 0x200
                0x00000400                        _Min_Stack_Size = 0x400

.isr_vector     0x08000000      0x188
                0x08000000                        . = ALIGN (0x4)
 *(.isr_vector)
 .isr_vector    0x08000000      0x188 ./Startup/startup_stm32f407vgtx.o
                0x08000000                g_pfnVectors
                0x08000188                        . = ALIGN (0x4)

.text           0x08000188      0xc34
                0x08000188                        . = ALIGN (0x4)
 *(.text)
 .text          0x08000188       0x40 C:/ST/STM32CubeIDE_1.19.0/STM32CubeIDE/plugins/com.st.stm32cube.ide.mcu.externaltools.gnu-tools-for-stm32.13.3.rel1.win32_1.0.0.202411081344/tools/bin/../lib/gcc/arm-none-eabi/13.3.1/thumb/v7e-m+fp/hard/crtbegin.o
 .text          0x080001c8       0x10 C:/ST/STM32CubeIDE_1.19.0/STM32CubeIDE/plugins/com.st.stm32cube.ide.mcu.externaltools.gnu-tools-for-stm32.13.3.rel1.win32_1.0.0.202411081344/tools/bin/../lib/gcc/arm-none-eabi/13.3.1/../../../../arm-none-eabi/lib/thumb/v7e-m+fp/hard\libc_nano.a(libc_a-strlen.o)
                0x080001c8                strlen
 *(.text*)
 .text.GPIO_PeriClockControl
                0x080001d8      0x1d0 ./Drivers/src/stm32f407xx_gpio._driver.o
                0x080001d8                GPIO_PeriClockControl
 .text.GPIO_Init
                0x080003a8      0x330 ./Drivers/src/stm32f407xx_gpio._driver.o
                0x080003a8                GPIO_Init
 .text.GPIO_ReadFromInputPin
                0x080006d8       0x2c ./Drivers/src/stm32f407xx_gpio._driver.o
                0x080006d8                GPIO_ReadFromInputPin
 .text.RCC_GetPCLK2Value
                0x08000704       0xa4 ./Drivers/src/stm32f407xx_rcc_driver.o
                0x08000704                RCC_GetPCLK2Value
 .text.USART_PeriClockControl
                0x080007a8      0x140 ./Drivers/src/stm32f407xx_usart_driver.o
                0x080007a8                USART_PeriClockControl
 .text.USART_PeripheralControl
                0x080008e8       0x3c ./Drivers/src/stm32f407xx_usart_driver.o
                0x080008e8                USART_PeripheralControl
 .text.USART_GetFlagStatus
                0x08000924       0x28 ./Drivers/src/stm32f407xx_usart_driver.o
                0x08000924                USART_GetFlagStatus
 .text.USART_SetBaudRate
                0x0800094c       0xc4 ./Drivers/src/stm32f407xx_usart_driver.o
                0x0800094c                USART_SetBaudRate
 .text.USART_Init
                0x08000a10      0x102 ./Drivers/src/stm32f407xx_usart_driver.o
                0x08000a10                USART_Init
 .text.USART_SendData
                0x08000b12       0x96 ./Drivers/src/stm32f407xx_usart_driver.o
                0x08000b12                USART_SendData
 .text.USART2_Init
                0x08000ba8       0x44 ./Src/008_usart.o
                0x08000ba8                USART2_Init
 .text.USART2_GPIOInit
                0x08000bec       0x44 ./Src/008_usart.o
                0x08000bec                USART2_GPIOInit
 .text.GPIO_ButtonInit
                0x08000c30       0x5c ./Src/008_usart.o
                0x08000c30                GPIO_ButtonInit
 .text.delay    0x08000c8c       0x2c ./Src/008_usart.o
                0x08000c8c                delay
 .text.main     0x08000cb8       0x50 ./Src/008_usart.o
                0x08000cb8                main
 .text.Reset_Handler
                0x08000d08       0x50 ./Startup/startup_stm32f407vgtx.o
                0x08000d08                Reset_Handler
 .text.Default_Handler
                0x08000d58        0x2 ./Startup/startup_stm32f407vgtx.o
                0x08000d58                RTC_Alarm_IRQHandler
                0x08000d58                HASH_RNG_IRQHandler
                0x08000d58                EXTI2_IRQHandler
                0x08000d58                TIM8_CC_IRQHandler
                0x08000d58                DebugMon_Handler
                0x08000d58                TIM1_CC_IRQHandler
                0x08000d58                DMA2_Stream5_IRQHandler
                0x08000d58                HardFault_Handler
                0x08000d58                DMA1_Stream5_IRQHandler
                0x08000d58                SysTick_Handler
                0x08000d58                PVD_IRQHandler
                0x08000d58                SDIO_IRQHandler
                0x08000d58                TAMP_STAMP_IRQHandler
                0x08000d58                PendSV_Handler
                0x08000d58                NMI_Handler
                0x08000d58                CAN2_RX1_IRQHandler
                0x08000d58                EXTI3_IRQHandler
                0x08000d58                TIM8_TRG_COM_TIM14_IRQHandler
                0x08000d58                TIM1_UP_TIM10_IRQHandler
                0x08000d58                TIM8_UP_TIM13_IRQHandler
                0x08000d58                I2C3_ER_IRQHandler
                0x08000d58                EXTI0_IRQHandler
                0x08000d58                I2C2_EV_IRQHandler
                0x08000d58                DMA1_Stream2_IRQHandler
                0x08000d58                CAN1_RX0_IRQHandler
                0x08000d58                FPU_IRQHandler
                0x08000d58                OTG_HS_WKUP_IRQHandler
                0x08000d58                UsageFault_Handler
                0x08000d58                CAN2_SCE_IRQHandler
                0x08000d58                DMA2_Stream2_IRQHandler
                0x08000d58                SPI1_IRQHandler
                0x08000d58                TIM6_DAC_IRQHandler
                0x08000d58                TIM1_BRK_TIM9_IRQHandler
                0x08000d58                DCMI_IRQHandler
                0x08000d58                CAN2_RX0_IRQHandler
                0x08000d58                DMA2_Stream3_IRQHandler
                0x08000d58                USART6_IRQHandler
                0x08000d58                USART3_IRQHandler
                0x08000d58                CRYP_IRQHandler
                0x08000d58                CAN1_RX1_IRQHandler
                0x08000d58                UART5_IRQHandler
                0x08000d58                DMA2_Stream0_IRQHandler
                0x08000d58                TIM4_IRQHandler
                0x08000d58                I2C1_EV_IRQHandler
                0x08000d58                DMA1_Stream6_IRQHandler
                0x08000d58                DMA1_Stream1_IRQHandler
                0x08000d58                UART4_IRQHandler
                0x08000d58                TIM3_IRQHandler
                0x08000d58                RCC_IRQHandler
                0x08000d58                TIM8_BRK_TIM12_IRQHandler
                0x08000d58                Default_Handler
                0x08000d58                EXTI15_10_IRQHandler
                0x08000d58                ADC_IRQHandler
                0x08000d58                DMA1_Stream7_IRQHandler
                0x08000d58                TIM7_IRQHandler
                0x08000d58                CAN2_TX_IRQHandler
                0x08000d58                TIM5_IRQHandler
                0x08000d58                DMA2_Stream7_IRQHandler
                0x08000d58                I2C3_EV_IRQHandler
                0x08000d58                EXTI9_5_IRQHandler
                0x08000d58                RTC_WKUP_IRQHandler
                0x08000d58                ETH_WKUP_IRQHandler
                0x08000d58                SPI2_IRQHandler
                0x08000d58                OTG_HS_EP1_IN_IRQHandler
                0x08000d58                MemManage_Handler
                0x08000d58                DMA1_Stream0_IRQHandler
                0x08000d58                CAN1_TX_IRQHandler
                0x08000d58                SVC_Handler
                0x08000d58                EXTI4_IRQHandler
                0x08000d58                FSMC_IRQHandler
                0x08000d58                ETH_IRQHandler
                0x08000d58                OTG_HS_EP1_OUT_IRQHandler
                0x08000d58                WWDG_IRQHandler
                0x08000d58                TIM2_IRQHandler
                0x08000d58                OTG_FS_WKUP_IRQHandler
                0x08000d58                TIM1_TRG_COM_TIM11_IRQHandler
                0x08000d58                OTG_HS_IRQHandler
                0x08000d58                EXTI1_IRQHandler
                0x08000d58                USART2_IRQHandler
                0x08000d58                I2C2_ER_IRQHandler
                0x08000d58                DMA2_Stream1_IRQHandler
                0x08000d58                CAN1_SCE_IRQHandler
                0x08000d58                DMA2_Stream4_IRQHandler
                0x08000d58                BusFault_Handler
                0x08000d58                USART1_IRQHandler
                0x08000d58                OTG_FS_IRQHandler
                0x08000d58                SPI3_IRQHandler
                0x08000d58                DMA1_Stream4_IRQHandler
                0x08000d58                I2C1_ER_IRQHandler
                0x08000d58                DMA2_Stream6_IRQHandler
                0x08000d58                DMA1_Stream3_IRQHandler
 *fill*         0x08000d5a        0x2 
 .text.__libc_init_array
                0x08000d5c       0x48 C:/ST/STM32CubeIDE_1.19.0/STM32CubeIDE/plugins/com.st.stm32cube.ide.mcu.externaltools.gnu-tools-for-stm32.13.3.rel1.win32_1.0.0.202411081344/tools/bin/../lib/gcc/arm-none-eabi/13.3.1/../../../../arm-none-eabi/lib/thumb/v7e-m+fp/hard\libc_nano.a(libc_a-init.o)
                0x08000d5c                __libc_init_array
 *(.glue_7)
 .glue_7        0x08000da4        0x0 linker stubs
 *(.glue_7t)
 .glue_7t       0x08000da4        0x0 linker stubs
 *(.eh_frame)
 .eh_frame      0x08000da4        0x0 C:/ST/STM32CubeIDE_1.19.0/STM32CubeIDE/plugins/com.st.stm32cube.ide.mcu.externaltools.gnu-tools-for-stm32.13.3.rel1.win32_1.0.0.202411081344/tools/bin/../lib/gcc/arm-none-eabi/13.3.1/thumb/v7e-m+fp/hard/crtbegin.o
 *(.init)
 .init          0x08000da4        0x4 C:/ST/STM32CubeIDE_1.19.0/STM32CubeIDE/plugins/com.st.stm32cube.ide.mcu.externaltools.gnu-tools-for-stm32.13.3.rel1.win32_1.0.0.202411081344/tools/bin/../lib/gcc/arm-none-eabi/13.3.1/thumb/v7e-m+fp/hard/crti.o
                0x08000da4                _init
 .init          0x08000da8        0x8 C:/ST/STM32CubeIDE_1.19.0/STM32CubeIDE/plugins/com.st.stm32cube.ide.mcu.externaltools.gnu-tools-for-stm32.13.3.rel1.win32_1.0.0.202411081344/tools/bin/../lib/gcc/arm-none-eabi/13.3.1/thumb/v7e-m+fp/hard/crtn.o
 *(.fini)
 .fini          0x08000db0        0x4 C:/ST/STM32CubeIDE_1.19.0/STM32CubeIDE/plugins/com.st.stm32cube.ide.mcu.externaltools.gnu-tools-for-stm32.13.3.rel1.win32_1.0.0.202411081344/tools/bin/../lib/gcc/arm-none-eabi/13.3.1/thumb/v7e-m+fp/hard/crti.o
                0x08000db0                _fini
 .fini          0x08000db4        0x8 C:/ST/STM32CubeIDE_1.19.0/STM32CubeIDE/plugins/com.st.stm32cube.ide.mcu.externaltools.gnu-tools-for-stm32.13.3.rel1.win32_1.0.0.202411081344/tools/bin/../lib/gcc/arm-none-eabi/13.3.1/thumb/v7e-m+fp/hard/crtn.o
                0x08000dbc                        . = ALIGN (0x4)
                0x08000dbc                        _etext = .

.vfp11_veneer   0x08000dbc        0x0
 .vfp11_veneer  0x08000dbc        0x0 linker stubs

.v4_bx          0x08000dbc        0x0
 .v4_bx         0x08000dbc        0x0 linker stubs

.iplt           0x08000dbc        0x0
 .iplt          0x08000dbc        0x0 C:/ST/STM32CubeIDE_1.19.0/STM32CubeIDE/plugins/com.st.stm32cube.ide.mcu.externaltools.gnu-tools-for-stm32.13.3.rel1.win32_1.0.0.202411081344/tools/bin/../lib/gcc/arm-none-eabi/13.3.1/thumb/v7e-m+fp/hard/crtbegin.o

.rodata         0x08000dbc        0x0
                0x08000dbc                        . = ALIGN (0x4)
 *(.rodata)
 *(.rodata*)
                0x08000dbc                        . = ALIGN (0x4)

.ARM.extab      0x08000dbc        0x0
                0x08000dbc                        . = ALIGN (0x4)
 *(.ARM.extab* .gnu.linkonce.armextab.*)
                0x08000dbc                        . = ALIGN (0x4)

.ARM            0x08000dbc        0x8
                0x08000dbc                        . = ALIGN (0x4)
                0x08000dbc                        __exidx_start = .
 *(.ARM.exidx*)
 .ARM.exidx     0x08000dbc        0x8 C:/ST/STM32CubeIDE_1.19.0/STM32CubeIDE/plugins/com.st.stm32cube.ide.mcu.externaltools.gnu-tools-for-stm32.13.3.rel1.win32_1.0.0.202411081344/tools/bin/../lib/gcc/arm-none-eabi/13.3.1/../../../../arm-none-eabi/lib/thumb/v7e-m+fp/hard\libc_nano.a(libc_a-strlen.o)
                0x08000dc4                        __exidx_end = .
                0x08000dc4                        . = ALIGN (0x4)

.preinit_array  0x08000dc4        0x0
                0x08000dc4                        . = ALIGN (0x4)
                0x08000dc4                        PROVIDE (__preinit_array_start = .)
 *(.preinit_array*)
                0x08000dc4                        PROVIDE (__preinit_array_end = .)
                0x08000dc4                        . = ALIGN (0x4)

.init_array     0x08000dc4        0x4
                0x08000dc4                        . = ALIGN (0x4)
                0x08000dc4                        PROVIDE (__init_array_start = .)
 *(SORT_BY_NAME(.init_array.*))
 *(.init_array*)
 .init_array    0x08000dc4        0x4 C:/ST/STM32CubeIDE_1.19.0/STM32CubeIDE/plugins/com.st.stm32cube.ide.mcu.externaltools.gnu-tools-for-stm32.13.3.rel1.win32_1.0.0.202411081344/tools/bin/../lib/gcc/arm-none-eabi/13.3.1/thumb/v7e-m+fp/hard/crtbegin.o
                0x08000dc8                        PROVIDE (__init_array_end = .)
                0x08000dc8                        . = ALIGN (0x4)

.fini_array     0x08000dc8        0x4
                0x08000dc8                        . = ALIGN (0x4)
                [!provide]                        PROVIDE (__fini_array_start = .)
 *(SORT_BY_NAME(.fini_array.*))
 *(.fini_array*)
 .fini_array    0x08000dc8        0x4 C:/ST/STM32CubeIDE_1.19.0/STM32CubeIDE/plugins/com.st.stm32cube.ide.mcu.externaltools.gnu-tools-for-stm32.13.3.rel1.win32_1.0.0.202411081344/tools/bin/../lib/gcc/arm-none-eabi/13.3.1/thumb/v7e-m+fp/hard/crtbegin.o
                [!provide]                        PROVIDE (__fini_array_end = .)
                0x08000dcc                        . = ALIGN (0x4)
                0x08000dcc                        _sidata = LOADADDR (.data)

.rel.dyn        0x08000dcc        0x0
 .rel.iplt      0x08000dcc        0x0 C:/ST/STM32CubeIDE_1.19.0/STM32CubeIDE/plugins/com.st.stm32cube.ide.mcu.externaltools.gnu-tools-for-stm32.13.3.rel1.win32_1.0.0.202411081344/tools/bin/../lib/gcc/arm-none-eabi/13.3.1/thumb/v7e-m+fp/hard/crtbegin.o

.data           0x20000000      0x414 load address 0x08000dcc
                0x20000000                        . = ALIGN (0x4)
                0x20000000                        _sdata = .
 *(.data)
 *(.data*)
 .data.AHB_PreScaler
                0x20000000       0x10 ./Drivers/src/stm32f407xx_rcc_driver.o
                0x20000000                AHB_PreScaler
 .data.APB1_PreScaler
                0x20000010        0x4 ./Drivers/src/stm32f407xx_rcc_driver.o
                0x20000010                APB1_PreScaler
 .data.msg      0x20000014      0x400 ./Src/008_usart.o
                0x20000014                msg
 *(.RamFunc)
 *(.RamFunc*)
                0x20000414                        . = ALIGN (0x4)
                0x20000414                        _edata = .
                0x080011e0                        _siccmram = LOADADDR (.ccmram)

.igot.plt       0x20000414        0x0 load address 0x080011e0
 .igot.plt      0x20000414        0x0 C:/ST/STM32CubeIDE_1.19.0/STM32CubeIDE/plugins/com.st.stm32cube.ide.mcu.externaltools.gnu-tools-for-stm32.13.3.rel1.win32_1.0.0.202411081344/tools/bin/../lib/gcc/arm-none-eabi/13.3.1/thumb/v7e-m+fp/hard/crtbegin.o

.ccmram         0x10000000        0x0 load address 0x080011e0
                0x10000000                        . = ALIGN (0x4)
                0x10000000                        _sccmram = .
 *(.ccmram)
 *(.ccmram*)
                0x10000000                        . = ALIGN (0x4)
                0x10000000                        _eccmram = .
                0x10000000                        . = ALIGN (0x4)

.bss            0x20000414       0x40
                0x20000414                        _sbss = .
                0x20000414                        __bss_start__ = _sbss
 *(.bss)
 .bss           0x20000414       0x1c C:/ST/STM32CubeIDE_1.19.0/STM32CubeIDE/plugins/com.st.stm32cube.ide.mcu.externaltools.gnu-tools-for-stm32.13.3.rel1.win32_1.0.0.202411081344/tools/bin/../lib/gcc/arm-none-eabi/13.3.1/thumb/v7e-m+fp/hard/crtbegin.o
 *(.bss*)
 .bss.usart2_handle
                0x20000430       0x24 ./Src/008_usart.o
                0x20000430                usart2_handle
 *(COMMON)
                0x20000454                        . = ALIGN (0x4)
                0x20000454                        _ebss = .
                0x20000454                        __bss_end__ = _ebss

._user_heap_stack
                0x20000454      0x604
                0x20000458                        . = ALIGN (0x8)
 *fill*         0x20000454        0x4 
                [!provide]                        PROVIDE (end = .)
                0x20000458                        PROVIDE (_end = .)
                0x20000658                        . = (. + _Min_Heap_Size)
 *fill*         0x20000458      0x200 
                0x20000a58                        . = (. + _Min_Stack_Size)
 *fill*         0x20000658      0x400 
                0x20000a58                        . = ALIGN (0x8)

/DISCARD/
 libc.a(*)
 libm.a(*)
 libgcc.a(*)

.ARM.attributes
                0x00000000       0x30
 *(.ARM.attributes)
 .ARM.attributes
                0x00000000       0x22 C:/ST/STM32CubeIDE_1.19.0/STM32CubeIDE/plugins/com.st.stm32cube.ide.mcu.externaltools.gnu-tools-for-stm32.13.3.rel1.win32_1.0.0.202411081344/tools/bin/../lib/gcc/arm-none-eabi/13.3.1/thumb/v7e-m+fp/hard/crti.o
 .ARM.attributes
                0x00000022       0x34 C:/ST/STM32CubeIDE_1.19.0/STM32CubeIDE/plugins/com.st.stm32cube.ide.mcu.externaltools.gnu-tools-for-stm32.13.3.rel1.win32_1.0.0.202411081344/tools/bin/../lib/gcc/arm-none-eabi/13.3.1/thumb/v7e-m+fp/hard/crtbegin.o
 .ARM.attributes
                0x00000056       0x34 ./Drivers/src/stm32f407xx_gpio._driver.o
 .ARM.attributes
                0x0000008a       0x34 ./Drivers/src/stm32f407xx_rcc_driver.o
 .ARM.attributes
                0x000000be       0x34 ./Drivers/src/stm32f407xx_usart_driver.o
 .ARM.attributes
                0x000000f2       0x34 ./Src/008_usart.o
 .ARM.attributes
                0x00000126       0x21 ./Startup/startup_stm32f407vgtx.o
 .ARM.attributes
                0x00000147       0x34 C:/ST/STM32CubeIDE_1.19.0/STM32CubeIDE/plugins/com.st.stm32cube.ide.mcu.externaltools.gnu-tools-for-stm32.13.3.rel1.win32_1.0.0.202411081344/tools/bin/../lib/gcc/arm-none-eabi/13.3.1/../../../../arm-none-eabi/lib/thumb/v7e-m+fp/hard\libc_nano.a(libc_a-init.o)
 .ARM.attributes
                0x0000017b       0x17 C:/ST/STM32CubeIDE_1.19.0/STM32CubeIDE/plugins/com.st.stm32cube.ide.mcu.externaltools.gnu-tools-for-stm32.13.3.rel1.win32_1.0.0.202411081344/tools/bin/../lib/gcc/arm-none-eabi/13.3.1/../../../../arm-none-eabi/lib/thumb/v7e-m+fp/hard\libc_nano.a(libc_a-strlen.o)
 .ARM.attributes
                0x00000192       0x22 C:/ST/STM32CubeIDE_1.19.0/STM32CubeIDE/plugins/com.st.stm32cube.ide.mcu.externaltools.gnu-tools-for-stm32.13.3.rel1.win32_1.0.0.202411081344/tools/bin/../lib/gcc/arm-none-eabi/13.3.1/thumb/v7e-m+fp/hard/crtn.o
OUTPUT(stm32f4xx_drivers.elf elf32-littlearm)
LOAD linker stubs
LOAD C:/ST/STM32CubeIDE_1.19.0/STM32CubeIDE/plugins/com.st.stm32cube.ide.mcu.externaltools.gnu-tools-for-stm32.13.3.rel1.win32_1.0.0.202411081344/tools/bin/../lib/gcc/arm-none-eabi/13.3.1/../../../../arm-none-eabi/lib/thumb/v7e-m+fp/hard\libc.a
LOAD C:/ST/STM32CubeIDE_1.19.0/STM32CubeIDE/plugins/com.st.stm32cube.ide.mcu.externaltools.gnu-tools-for-stm32.13.3.rel1.win32_1.0.0.202411081344/tools/bin/../lib/gcc/arm-none-eabi/13.3.1/../../../../arm-none-eabi/lib/thumb/v7e-m+fp/hard\libm.a
LOAD C:/ST/STM32CubeIDE_1.19.0/STM32CubeIDE/plugins/com.st.stm32cube.ide.mcu.externaltools.gnu-tools-for-stm32.13.3.rel1.win32_1.0.0.202411081344/tools/bin/../lib/gcc/arm-none-eabi/13.3.1/thumb/v7e-m+fp/hard\libgcc.a

.debug_info     0x00000000     0x1781
 .debug_info    0x00000000      0x721 ./Drivers/src/stm32f407xx_gpio._driver.o
 .debug_info    0x00000721      0x394 ./Drivers/src/stm32f407xx_rcc_driver.o
 .debug_info    0x00000ab5      0x7cc ./Drivers/src/stm32f407xx_usart_driver.o
 .debug_info    0x00001281      0x4d0 ./Src/008_usart.o
 .debug_info    0x00001751       0x30 ./Startup/startup_stm32f407vgtx.o

.debug_abbrev   0x00000000      0x63f
 .debug_abbrev  0x00000000      0x178 ./Drivers/src/stm32f407xx_gpio._driver.o
 .debug_abbrev  0x00000178      0x12e ./Drivers/src/stm32f407xx_rcc_driver.o
 .debug_abbrev  0x000002a6      0x1e3 ./Drivers/src/stm32f407xx_usart_driver.o
 .debug_abbrev  0x00000489      0x192 ./Src/008_usart.o
 .debug_abbrev  0x0000061b       0x24 ./Startup/startup_stm32f407vgtx.o

.debug_aranges  0x00000000      0x188
 .debug_aranges
                0x00000000       0x70 ./Drivers/src/stm32f407xx_gpio._driver.o
 .debug_aranges
                0x00000070       0x28 ./Drivers/src/stm32f407xx_rcc_driver.o
 .debug_aranges
                0x00000098       0x88 ./Drivers/src/stm32f407xx_usart_driver.o
 .debug_aranges
                0x00000120       0x40 ./Src/008_usart.o
 .debug_aranges
                0x00000160       0x28 ./Startup/startup_stm32f407vgtx.o

.debug_rnglists
                0x00000000      0x11a
 .debug_rnglists
                0x00000000       0x53 ./Drivers/src/stm32f407xx_gpio._driver.o
 .debug_rnglists
                0x00000053       0x1b ./Drivers/src/stm32f407xx_rcc_driver.o
 .debug_rnglists
                0x0000006e       0x68 ./Drivers/src/stm32f407xx_usart_driver.o
 .debug_rnglists
                0x000000d6       0x2b ./Src/008_usart.o
 .debug_rnglists
                0x00000101       0x19 ./Startup/startup_stm32f407vgtx.o

.debug_macro    0x00000000     0x2741
 .debug_macro   0x00000000       0xcc ./Drivers/src/stm32f407xx_gpio._driver.o
 .debug_macro   0x000000cc      0xae4 ./Drivers/src/stm32f407xx_gpio._driver.o
 .debug_macro   0x00000bb0       0x22 ./Drivers/src/stm32f407xx_gpio._driver.o
 .debug_macro   0x00000bd2       0x8e ./Drivers/src/stm32f407xx_gpio._driver.o
 .debug_macro   0x00000c60       0x51 ./Drivers/src/stm32f407xx_gpio._driver.o
 .debug_macro   0x00000cb1      0x103 ./Drivers/src/stm32f407xx_gpio._driver.o
 .debug_macro   0x00000db4       0x6a ./Drivers/src/stm32f407xx_gpio._driver.o
 .debug_macro   0x00000e1e      0x1df ./Drivers/src/stm32f407xx_gpio._driver.o
 .debug_macro   0x00000ffd      0x190 ./Drivers/src/stm32f407xx_gpio._driver.o
 .debug_macro   0x0000118d      0x73f ./Drivers/src/stm32f407xx_gpio._driver.o
 .debug_macro   0x000018cc       0xbe ./Drivers/src/stm32f407xx_gpio._driver.o
 .debug_macro   0x0000198a       0xd6 ./Drivers/src/stm32f407xx_gpio._driver.o
 .debug_macro   0x00001a60      0x100 ./Drivers/src/stm32f407xx_gpio._driver.o
 .debug_macro   0x00001b60       0xc4 ./Drivers/src/stm32f407xx_gpio._driver.o
 .debug_macro   0x00001c24       0xc2 ./Drivers/src/stm32f407xx_rcc_driver.o
 .debug_macro   0x00001ce6       0xc2 ./Drivers/src/stm32f407xx_usart_driver.o
 .debug_macro   0x00001da8      0x190 ./Src/008_usart.o
 .debug_macro   0x00001f38       0x61 ./Src/008_usart.o
 .debug_macro   0x00001f99       0x2a ./Src/008_usart.o
 .debug_macro   0x00001fc3       0x43 ./Src/008_usart.o
 .debug_macro   0x00002006       0x34 ./Src/008_usart.o
 .debug_macro   0x0000203a      0x370 ./Src/008_usart.o
 .debug_macro   0x000023aa       0x16 ./Src/008_usart.o
 .debug_macro   0x000023c0       0x4a ./Src/008_usart.o
 .debug_macro   0x0000240a       0x34 ./Src/008_usart.o
 .debug_macro   0x0000243e       0x10 ./Src/008_usart.o
 .debug_macro   0x0000244e       0x58 ./Src/008_usart.o
 .debug_macro   0x000024a6       0x8e ./Src/008_usart.o
 .debug_macro   0x00002534       0x1c ./Src/008_usart.o
 .debug_macro   0x00002550      0x185 ./Src/008_usart.o
 .debug_macro   0x000026d5       0x10 ./Src/008_usart.o
 .debug_macro   0x000026e5       0x3c ./Src/008_usart.o
 .debug_macro   0x00002721       0x20 ./Src/008_usart.o

.debug_line     0x00000000     0x23a1
 .debug_line    0x00000000      0xa73 ./Drivers/src/stm32f407xx_gpio._driver.o
 .debug_line    0x00000a73      0x5cd ./Drivers/src/stm32f407xx_rcc_driver.o
 .debug_line    0x00001040      0xbb0 ./Drivers/src/stm32f407xx_usart_driver.o
 .debug_line    0x00001bf0      0x736 ./Src/008_usart.o
 .debug_line    0x00002326       0x7b ./Startup/startup_stm32f407vgtx.o

.debug_str      0x00000000     0xa3d9
 .debug_str     0x00000000     0xa3d9 ./Drivers/src/stm32f407xx_gpio._driver.o
                               0x6fe8 (size before relaxing)
 .debug_str     0x0000a3d9     0x6e1f ./Drivers/src/stm32f407xx_rcc_driver.o
 .debug_str     0x0000a3d9     0x703a ./Drivers/src/stm32f407xx_usart_driver.o
 .debug_str     0x0000a3d9     0xa0fa ./Src/008_usart.o
 .debug_str     0x0000a3d9       0x73 ./Startup/startup_stm32f407vgtx.o

.comment        0x00000000       0x43
 .comment       0x00000000       0x43 ./Drivers/src/stm32f407xx_gpio._driver.o
                                 0x44 (size before relaxing)
 .comment       0x00000043       0x44 ./Drivers/src/stm32f407xx_rcc_driver.o
 .comment       0x00000043       0x44 ./Drivers/src/stm32f407xx_usart_driver.o
 .comment       0x00000043       0x44 ./Src/008_usart.o

.debug_frame    0x00000000      0x538
 .debug_frame   0x00000000      0x1c8 ./Drivers/src/stm32f407xx_gpio._driver.o
 .debug_frame   0x000001c8       0x5c ./Drivers/src/stm32f407xx_rcc_driver.o
 .debug_frame   0x00000224      0x230 ./Drivers/src/stm32f407xx_usart_driver.o
 .debug_frame   0x00000454       0xb8 ./Src/008_usart.o
 .debug_frame   0x0000050c       0x2c C:/ST/STM32CubeIDE_1.19.0/STM32CubeIDE/plugins/com.st.stm32cube.ide.mcu.externaltools.gnu-tools-for-stm32.13.3.rel1.win32_1.0.0.202411081344/tools/bin/../lib/gcc/arm-none-eabi/13.3.1/../../../../arm-none-eabi/lib/thumb/v7e-m+fp/hard\libc_nano.a(libc_a-init.o)

.debug_line_str
                0x00000000       0x57
 .debug_line_str
                0x00000000       0x57 ./Startup/startup_stm32f407vgtx.o
