../Core/Src/main.c:35:6:printmsg	24	static
../Core/Src/main.c:44:5:main	16	static
../Core/Src/main.c:67:6:vtask_led_handler	24	static
../Core/Src/main.c:84:6:vtask_button_handler	16	static
../Core/Src/main.c:101:6:rtos_delay	24	static
../Core/Src/main.c:110:13:prvSetupUart	16	static
../Core/Src/main.c:129:13:prvSetupHardware	8	static
../Core/Src/main.c:137:13:prvSetupGPIO	40	static
../Core/Src/main.c:161:6:SystemClock_Config	88	static
../Core/Src/main.c:203:6:Error_Handler	4	static,ignoring_inline_asm
