../Core/Src/main.c:38:6:printmsg	24	static
../Core/Src/main.c:46:5:main	16	static
../Core/Src/main.c:80:6:vHandlerTask	72	static
../Core/Src/main.c:93:6:vPeriodicTask	16	static
../Core/Src/main.c:110:6:EXTI0_IRQHandler	8	static
../Core/Src/main.c:115:6:HAL_GPIO_EXTI_Callback	24	static,ignoring_inline_asm
../Core/Src/main.c:131:6:rtos_delay	24	static
../Core/Src/main.c:140:13:prvSetupUart	16	static
../Core/Src/main.c:159:13:prvSetupHardware	8	static
../Core/Src/main.c:167:13:prvSetupGPIO	40	static
../Core/Src/main.c:195:6:SystemClock_Config	88	static
../Core/Src/main.c:237:6:Error_Handler	4	static,ignoring_inline_asm
