../Core/Src/main.c:41:6:printmsg	24	static
../Core/Src/main.c:50:5:main	16	static
../Core/Src/main.c:86:6:vManagerTask	24	static,ignoring_inline_asm
../Core/Src/main.c:116:6:vEmployeeTask	24	static
../Core/Src/main.c:141:6:EmployeeDoWork	16	static
../Core/Src/main.c:148:6:rtos_delay	24	static
../Core/Src/main.c:157:13:prvSetupUart	16	static
../Core/Src/main.c:176:13:prvSetupHardware	8	static
../Core/Src/main.c:184:13:prvSetupGPIO	40	static
../Core/Src/main.c:208:6:SystemClock_Config	88	static
../Core/Src/main.c:250:6:Error_Handler	4	static,ignoring_inline_asm
