../Core/Src/main.c:35:6:printmsg	24	static
../Core/Src/main.c:44:5:main	16	static
../Core/Src/main.c:70:6:vtask1_handler	24	static
../Core/Src/main.c:85:6:vtask2_handler	24	static
../Core/Src/main.c:113:6:rtos_delay	24	static
../Core/Src/main.c:122:13:prvSetupUart	16	static
../Core/Src/main.c:141:13:prvSetupHardware	8	static
../Core/Src/main.c:149:13:prvSetupGPIO	40	static
../Core/Src/main.c:173:6:SystemClock_Config	88	static
../Core/Src/main.c:215:6:Error_Handler	4	static,ignoring_inline_asm
