../Core/Src/main.c:84:6:printmsg	24	static
../Core/Src/main.c:93:5:main	16	static
../Core/Src/main.c:140:6:vTask1_menu_display	24	static
../Core/Src/main.c:152:6:vTask2_cmd_handling	24	static
../Core/Src/main.c:175:6:vTask3_cmd_processing	32	static
../Core/Src/main.c:219:6:vTask4_uart_write	24	static
../Core/Src/main.c:229:6:USART2_IRQHandler	8	static
../Core/Src/main.c:235:6:HAL_UART_RxCpltCallback	32	static,ignoring_inline_asm
../Core/Src/main.c:258:9:getCommandCode	16	static
../Core/Src/main.c:263:6:getArguments	16	static
../Core/Src/main.c:268:6:make_led_on	8	static
../Core/Src/main.c:273:6:make_led_off	8	static
../Core/Src/main.c:278:6:led_toggle	16	static
../Core/Src/main.c:283:6:led_toggle_start	32	static
../Core/Src/main.c:297:6:led_toggle_stop	16	static
../Core/Src/main.c:302:6:read_led_status	24	static
../Core/Src/main.c:314:6:print_error_message	16	static
../Core/Src/main.c:319:6:rtos_delay	24	static
../Core/Src/main.c:328:13:prvSetupUart	16	static
../Core/Src/main.c:349:13:prvSetupHardware	8	static
../Core/Src/main.c:357:13:prvSetupGPIO	40	static
../Core/Src/main.c:381:6:SystemClock_Config	88	static
../Core/Src/main.c:423:6:Error_Handler	4	static,ignoring_inline_asm
